// Jest Snapshot v1, https://goo.gl/fbAQLP

exports[`MultiSelect basic 1`] = `
.c9 {
  display: inline-block;
  -webkit-flex: 0 0 auto;
  -ms-flex: 0 0 auto;
  flex: 0 0 auto;
  width: 24px;
  height: 24px;
  fill: #FFFFFF;
  stroke: #FFFFFF;
}

.c9 g {
  fill: inherit;
  stroke: inherit;
}

.c9 *:not([stroke])[fill="none"] {
  stroke-width: 0;
}

.c9 *[stroke*="#"],
.c9 *[STROKE*="#"] {
  stroke: inherit;
  fill: none;
}

.c9 *[fill-rule],
.c9 *[FILL-RULE],
.c9 *[fill*="#"],
.c9 *[FILL*="#"] {
  fill: inherit;
  stroke: none;
}

.c0 {
  display: -webkit-box;
  display: -webkit-flex;
  display: -ms-flexbox;
  display: flex;
  box-sizing: border-box;
  max-width: 100%;
  min-width: 0;
  min-height: 0;
  -webkit-flex-direction: column;
  -ms-flex-direction: column;
  flex-direction: column;
}

.c3 {
  display: -webkit-box;
  display: -webkit-flex;
  display: -ms-flexbox;
  display: flex;
  box-sizing: border-box;
  max-width: 100%;
  -webkit-align-items: center;
  -webkit-box-align: center;
  -ms-flex-align: center;
  align-items: center;
  min-width: 0;
  min-height: 0;
  -webkit-flex-direction: row;
  -ms-flex-direction: row;
  flex-direction: row;
  -webkit-box-pack: justify;
  -webkit-justify-content: space-between;
  -ms-flex-pack: justify;
  justify-content: space-between;
}

.c4 {
  display: -webkit-box;
  display: -webkit-flex;
  display: -ms-flexbox;
  display: flex;
  box-sizing: border-box;
  min-width: 0;
  min-height: 0;
  -webkit-flex-direction: row;
  -ms-flex-direction: row;
  flex-direction: row;
  -webkit-flex: 1 1;
  -ms-flex: 1 1;
  flex: 1 1;
  -webkit-flex-basis: auto;
  -ms-flex-preferred-size: auto;
  flex-basis: auto;
}

.c5 {
  display: -webkit-box;
  display: -webkit-flex;
  display: -ms-flexbox;
  display: flex;
  box-sizing: border-box;
  max-width: 100%;
  margin-left: 8px;
  margin-right: 8px;
  -webkit-align-items: center;
  -webkit-box-align: center;
  -ms-flex-align: center;
  align-items: center;
  min-width: 0;
  min-height: 0;
  -webkit-flex-direction: row;
  -ms-flex-direction: row;
  flex-direction: row;
}

.c7 {
  display: -webkit-box;
  display: -webkit-flex;
  display: -ms-flexbox;
  display: flex;
  box-sizing: border-box;
  max-width: 100%;
  margin-left: 4px;
  margin-right: 4px;
  min-width: 0;
  min-height: 0;
  -webkit-flex-direction: column;
  -ms-flex-direction: column;
  flex-direction: column;
  -webkit-flex: 0 0 auto;
  -ms-flex: 0 0 auto;
  flex: 0 0 auto;
}

.c1 {
  display: inline-block;
  box-sizing: border-box;
  cursor: pointer;
  font: inherit;
  -webkit-text-decoration: none;
  text-decoration: none;
  margin: 0;
  background: transparent;
  overflow: visible;
  text-transform: none;
  color: inherit;
  outline: none;
  border: none;
  padding: 0;
  text-align: inherit;
}

.c6 {
  font-size: 12px;
  line-height: 16px;
  font-weight: 600;
}

.c2 {
  background: #4b4d59;
  border: 1px solid #cdd3e3;
  border-radius: 4px;
}

.c8 {
  min-width: auto;
}

@media only screen and (max-width:512px) {
  .c5 {
    margin-left: 8px;
    margin-right: 8px;
  }
}

@media only screen and (max-width:512px) {
  .c7 {
    margin-left: 4px;
    margin-right: 4px;
  }
}

<div
  className="c0"
>
  <button
    aria-label="Open Drop"
    className="c1 c2"
    id="test-multiselect"
    onBlur={[Function]}
    onClick={[Function]}
    onFocus={[Function]}
    onKeyDown={[Function]}
    onMouseOut={[Function]}
    onMouseOver={[Function]}
    type="button"
  >
    <div
      className="c3"
    >
      <div
        className="c4"
      >
        <div
          className="c5"
        >
          <span
            aria-label="Selected Label Value"
            className="c6"
            size="medium"
          >
            Select
          </span>
        </div>
      </div>
      <div
        className="c7 c8"
      >
        <svg
          aria-label="FormDown"
          className="c9"
          viewBox="0 0 24 24"
        >
          <polyline
            fill="none"
            points="18 9 12 15 6 9"
            stroke="#000"
            strokeWidth="2"
          />
        </svg>
      </div>
    </div>
  </button>
</div>
`;

exports[`MultiSelect double-column 1`] = `
.c9 {
  display: inline-block;
  -webkit-flex: 0 0 auto;
  -ms-flex: 0 0 auto;
  flex: 0 0 auto;
  width: 24px;
  height: 24px;
  fill: #FFFFFF;
  stroke: #FFFFFF;
}

.c9 g {
  fill: inherit;
  stroke: inherit;
}

.c9 *:not([stroke])[fill="none"] {
  stroke-width: 0;
}

.c9 *[stroke*="#"],
.c9 *[STROKE*="#"] {
  stroke: inherit;
  fill: none;
}

.c9 *[fill-rule],
.c9 *[FILL-RULE],
.c9 *[fill*="#"],
.c9 *[FILL*="#"] {
  fill: inherit;
  stroke: none;
}

.c0 {
  display: -webkit-box;
  display: -webkit-flex;
  display: -ms-flexbox;
  display: flex;
  box-sizing: border-box;
  max-width: 100%;
  min-width: 0;
  min-height: 0;
  -webkit-flex-direction: column;
  -ms-flex-direction: column;
  flex-direction: column;
}

.c3 {
  display: -webkit-box;
  display: -webkit-flex;
  display: -ms-flexbox;
  display: flex;
  box-sizing: border-box;
  max-width: 100%;
  -webkit-align-items: center;
  -webkit-box-align: center;
  -ms-flex-align: center;
  align-items: center;
  min-width: 0;
  min-height: 0;
  -webkit-flex-direction: row;
  -ms-flex-direction: row;
  flex-direction: row;
  -webkit-box-pack: justify;
  -webkit-justify-content: space-between;
  -ms-flex-pack: justify;
  justify-content: space-between;
}

.c4 {
  display: -webkit-box;
  display: -webkit-flex;
  display: -ms-flexbox;
  display: flex;
  box-sizing: border-box;
  min-width: 0;
  min-height: 0;
  -webkit-flex-direction: row;
  -ms-flex-direction: row;
  flex-direction: row;
  -webkit-flex: 1 1;
  -ms-flex: 1 1;
  flex: 1 1;
  -webkit-flex-basis: auto;
  -ms-flex-preferred-size: auto;
  flex-basis: auto;
}

.c5 {
  display: -webkit-box;
  display: -webkit-flex;
  display: -ms-flexbox;
  display: flex;
  box-sizing: border-box;
  max-width: 100%;
  margin-left: 8px;
  margin-right: 8px;
  -webkit-align-items: center;
  -webkit-box-align: center;
  -ms-flex-align: center;
  align-items: center;
  min-width: 0;
  min-height: 0;
  -webkit-flex-direction: row;
  -ms-flex-direction: row;
  flex-direction: row;
}

.c7 {
  display: -webkit-box;
  display: -webkit-flex;
  display: -ms-flexbox;
  display: flex;
  box-sizing: border-box;
  max-width: 100%;
  margin-left: 4px;
  margin-right: 4px;
  min-width: 0;
  min-height: 0;
  -webkit-flex-direction: column;
  -ms-flex-direction: column;
  flex-direction: column;
  -webkit-flex: 0 0 auto;
  -ms-flex: 0 0 auto;
  flex: 0 0 auto;
}

.c1 {
  display: inline-block;
  box-sizing: border-box;
  cursor: pointer;
  font: inherit;
  -webkit-text-decoration: none;
  text-decoration: none;
  margin: 0;
  background: transparent;
  overflow: visible;
  text-transform: none;
  color: inherit;
  outline: none;
  border: none;
  padding: 0;
  text-align: inherit;
}

.c6 {
  font-size: 12px;
  line-height: 16px;
  font-weight: 600;
}

.c2 {
  background: #4b4d59;
  border: 1px solid #cdd3e3;
  border-radius: 4px;
}

.c8 {
  min-width: auto;
}

@media only screen and (max-width:512px) {
  .c5 {
    margin-left: 8px;
    margin-right: 8px;
  }
}

@media only screen and (max-width:512px) {
  .c7 {
    margin-left: 4px;
    margin-right: 4px;
  }
}

<div
  className="c0"
>
  <button
    aria-label="Open Drop"
    className="c1 c2"
    id="test-multiselect"
    onBlur={[Function]}
    onClick={[Function]}
    onFocus={[Function]}
    onKeyDown={[Function]}
    onMouseOut={[Function]}
    onMouseOver={[Function]}
    type="button"
  >
    <div
      className="c3"
    >
      <div
        className="c4"
      >
        <div
          className="c5"
        >
          <span
            aria-label="Selected Label Value"
            className="c6"
            size="medium"
          >
            Select
          </span>
        </div>
      </div>
      <div
        className="c7 c8"
      >
        <svg
          aria-label="FormDown"
          className="c9"
          viewBox="0 0 24 24"
        >
          <polyline
            fill="none"
            points="18 9 12 15 6 9"
            stroke="#000"
            strokeWidth="2"
          />
        </svg>
      </div>
    </div>
  </button>
</div>
`;
