// Jest Snapshot v1, https://goo.gl/fbAQLP

exports[`SkipLink basic 1`] = `
.c1 {
  box-sizing: border-box;
  font-size: inherit;
  line-height: inherit;
  color: #E15151;
  font-weight: 600;
  -webkit-text-decoration: none;
  text-decoration: none;
  cursor: pointer;
}

.c1:hover {
  -webkit-text-decoration: underline;
  text-decoration: underline;
}

.c0 {
  font-size: 12px;
  line-height: 16px;
  box-sizing: border-box;
  -webkit-text-size-adjust: 100%;
  -ms-text-size-adjust: 100%;
  -moz-osx-font-smoothing: grayscale;
  -webkit-font-smoothing: antialiased;
}

.c2 {
  width: 0;
  height: 0;
  overflow: hidden;
  position: absolute;
}

@media only screen and (max-width:512px) {

}

@media only screen and (max-width:512px) {

}

@media only screen and (max-width:512px) {

}

@media only screen and (max-width:512px) {

}

@media only screen and (max-width:512px) {

}

@media only screen and (max-width:512px) {

}

<div
  class="c0"
>
  <div>
    <a
      aria-hidden="true"
      class="c1 c2"
      id="main"
      tabindex="-1"
    />
    Main Content
    <input
      type="text"
      value="main content"
    />
  </div>
  <footer>
    <a
      aria-hidden="true"
      class="c1 c2"
      id="footer"
      tabindex="-1"
    />
    <input
      type="text"
      value="footer"
    />
  </footer>
</div>
`;

exports[`SkipLink basic 2`] = `
<div
  class="StyledMnetUIBase-sc-17lh5y2-0 HlCER"
>
  <div>
    <a
      aria-hidden="true"
      class="StyledAnchor-sc-1meb4kf-0 xsVdC SkipLinkTarget__HiddenAnchor-sc-1cistln-0 bZSZHG"
      id="main"
      tabindex="-1"
    />
    Main Content
    <input
      type="text"
      value="main content"
    />
  </div>
  <footer>
    <a
      aria-hidden="true"
      class="StyledAnchor-sc-1meb4kf-0 xsVdC SkipLinkTarget__HiddenAnchor-sc-1cistln-0 bZSZHG"
      id="footer"
      tabindex="-1"
    />
    <input
      type="text"
      value="footer"
    />
  </footer>
</div>
`;

exports[`SkipLink basic 3`] = `
<div
  class="StyledMnetUIBase-sc-17lh5y2-0 HlCER"
>
  <div>
    <a
      aria-hidden="true"
      class="StyledAnchor-sc-1meb4kf-0 xsVdC SkipLinkTarget__HiddenAnchor-sc-1cistln-0 bZSZHG"
      data-g-tabindex="-1"
      id="main"
      tabindex="-1"
    />
    Main Content
    <input
      data-g-tabindex="none"
      tabindex="-1"
      type="text"
      value="main content"
    />
  </div>
  <footer>
    <a
      aria-hidden="true"
      class="StyledAnchor-sc-1meb4kf-0 xsVdC SkipLinkTarget__HiddenAnchor-sc-1cistln-0 bZSZHG"
      data-g-tabindex="-1"
      id="footer"
      tabindex="-1"
    />
    <input
      data-g-tabindex="none"
      tabindex="-1"
      type="text"
      value="footer"
    />
  </footer>
</div>
`;
