// Jest Snapshot v1, https://goo.gl/fbAQLP

exports[`RoutedButton renders 1`] = `
.c1 {
  display: inline-block;
  box-sizing: border-box;
  cursor: pointer;
  font: inherit;
  -webkit-text-decoration: none;
  text-decoration: none;
  margin: 0;
  background: transparent;
  overflow: visible;
  text-transform: none;
  border: 2px solid #E15151;
  border-radius: 3.2px;
  color: #444444;
  padding: 2px 14px;
  font-size: 12px;
  line-height: 16px;
  -webkit-transition-property: color,background-color,border-color,box-shadow;
  transition-property: color,background-color,border-color,box-shadow;
  -webkit-transition-duration: 0.1s;
  transition-duration: 0.1s;
  -webkit-transition-timing-function: ease-in-out;
  transition-timing-function: ease-in-out;
}

.c1:hover {
  box-shadow: 0px 0px 0px 2px #E15151;
}

.c0 {
  font-size: 12px;
  line-height: 16px;
  box-sizing: border-box;
  -webkit-text-size-adjust: 100%;
  -ms-text-size-adjust: 100%;
  -moz-osx-font-smoothing: grayscale;
  -webkit-font-smoothing: antialiased;
}

<div
  className="c0"
>
  <div>
    <a
      className="c1"
      disabled={false}
      href="/"
      onBlur={[Function]}
      onClick={[Function]}
      onFocus={[Function]}
      onMouseOut={[Function]}
      onMouseOver={[Function]}
    >
      Test
    </a>
  </div>
</div>
`;
