// Jest Snapshot v1, https://goo.gl/fbAQLP

exports[`RadioButton basic 1`] = `
.c0 {
  font-size: 12px;
  line-height: 16px;
  box-sizing: border-box;
  -webkit-text-size-adjust: 100%;
  -ms-text-size-adjust: 100%;
  -moz-osx-font-smoothing: grayscale;
  -webkit-font-smoothing: antialiased;
}

.c2 {
  display: -webkit-box;
  display: -webkit-flex;
  display: -ms-flexbox;
  display: flex;
  box-sizing: border-box;
  max-width: 100%;
  min-width: 0;
  min-height: 0;
  -webkit-flex-direction: column;
  -ms-flex-direction: column;
  flex-direction: column;
}

.c4 {
  display: -webkit-box;
  display: -webkit-flex;
  display: -ms-flexbox;
  display: flex;
  box-sizing: border-box;
  max-width: 100%;
  -webkit-align-items: center;
  -webkit-box-align: center;
  -ms-flex-align: center;
  align-items: center;
  border: solid 2px rgba(0,0,0,0.15);
  min-width: 0;
  min-height: 0;
  -webkit-flex-direction: column;
  -ms-flex-direction: column;
  flex-direction: column;
  height: 16px;
  width: 16px;
  -webkit-box-pack: center;
  -webkit-justify-content: center;
  -ms-flex-pack: center;
  justify-content: center;
  border-radius: 100%;
}

.c1 {
  display: -webkit-box;
  display: -webkit-flex;
  display: -ms-flexbox;
  display: flex;
  -webkit-flex-direction: row;
  -ms-flex-direction: row;
  flex-direction: row;
  -webkit-align-items: center;
  -webkit-box-align: center;
  -ms-flex-align: center;
  align-items: center;
  -webkit-user-select: none;
  -moz-user-select: none;
  -ms-user-select: none;
  user-select: none;
  width: -webkit-fit-content;
  width: -moz-fit-content;
  width: fit-content;
  cursor: pointer;
}

.c1:hover input:not([disabled]) + div,
.c1:hover input:not([disabled]) + span {
  border-color: #000000;
}

.c3 {
  opacity: 0;
  -moz-appearance: none;
  width: 0;
  height: 0;
  margin: 0 !important;
  cursor: pointer;
}

@media only screen and (max-width:512px) {
  .c4 {
    border: solid 2px rgba(0,0,0,0.15);
  }
}

<div
  className="c0"
>
  <label
    className="c1"
    onClick={[Function]}
    onMouseEnter={[Function]}
    onMouseLeave={[Function]}
  >
    <div
      className="c2 "
    >
      <input
        className="c3"
        name="test"
        type="radio"
        value="1"
      />
      <div
        className="c4 "
      />
    </div>
  </label>
  <label
    className="c1"
    htmlFor="test id"
    onClick={[Function]}
    onMouseEnter={[Function]}
    onMouseLeave={[Function]}
  >
    <div
      className="c2 "
    >
      <input
        className="c3"
        id="test id"
        name="test"
        type="radio"
        value="2"
      />
      <div
        className="c4 "
      />
    </div>
  </label>
</div>
`;

exports[`RadioButton checked 1`] = `
.c0 {
  font-size: 12px;
  line-height: 16px;
  box-sizing: border-box;
  -webkit-text-size-adjust: 100%;
  -ms-text-size-adjust: 100%;
  -moz-osx-font-smoothing: grayscale;
  -webkit-font-smoothing: antialiased;
}

.c2 {
  display: -webkit-box;
  display: -webkit-flex;
  display: -ms-flexbox;
  display: flex;
  box-sizing: border-box;
  max-width: 100%;
  min-width: 0;
  min-height: 0;
  -webkit-flex-direction: column;
  -ms-flex-direction: column;
  flex-direction: column;
}

.c4 {
  display: -webkit-box;
  display: -webkit-flex;
  display: -ms-flexbox;
  display: flex;
  box-sizing: border-box;
  max-width: 100%;
  -webkit-align-items: center;
  -webkit-box-align: center;
  -ms-flex-align: center;
  align-items: center;
  border: solid 2px #E15151;
  min-width: 0;
  min-height: 0;
  -webkit-flex-direction: column;
  -ms-flex-direction: column;
  flex-direction: column;
  height: 16px;
  width: 16px;
  -webkit-box-pack: center;
  -webkit-justify-content: center;
  -ms-flex-pack: center;
  justify-content: center;
  border-radius: 100%;
}

.c1 {
  display: -webkit-box;
  display: -webkit-flex;
  display: -ms-flexbox;
  display: flex;
  -webkit-flex-direction: row;
  -ms-flex-direction: row;
  flex-direction: row;
  -webkit-align-items: center;
  -webkit-box-align: center;
  -ms-flex-align: center;
  align-items: center;
  -webkit-user-select: none;
  -moz-user-select: none;
  -ms-user-select: none;
  user-select: none;
  width: -webkit-fit-content;
  width: -moz-fit-content;
  width: fit-content;
  cursor: pointer;
}

.c1:hover input:not([disabled]) + div,
.c1:hover input:not([disabled]) + span {
  border-color: #000000;
}

.c3 {
  opacity: 0;
  -moz-appearance: none;
  width: 0;
  height: 0;
  margin: 0 !important;
  cursor: pointer;
}

.c5 {
  box-sizing: border-box;
  width: 16px;
  height: 16px;
  fill: #E15151;
}

@media only screen and (max-width:512px) {
  .c4 {
    border: solid 2px #E15151;
  }
}

<div
  className="c0"
>
  <label
    className="c1"
    onClick={[Function]}
    onMouseEnter={[Function]}
    onMouseLeave={[Function]}
  >
    <div
      className="c2 "
    >
      <input
        checked={true}
        className="c3"
        name="test"
        type="radio"
        value="1"
      />
      <div
        className="c4 "
      >
        <svg
          className="c5"
          preserveAspectRatio="xMidYMid meet"
          viewBox="0 0 24 24"
        >
          <circle
            cx={12}
            cy={12}
            r={6}
          />
        </svg>
      </div>
    </div>
  </label>
</div>
`;

exports[`RadioButton children 1`] = `
.c0 {
  font-size: 12px;
  line-height: 16px;
  box-sizing: border-box;
  -webkit-text-size-adjust: 100%;
  -ms-text-size-adjust: 100%;
  -moz-osx-font-smoothing: grayscale;
  -webkit-font-smoothing: antialiased;
}

.c2 {
  display: -webkit-box;
  display: -webkit-flex;
  display: -ms-flexbox;
  display: flex;
  box-sizing: border-box;
  max-width: 100%;
  min-width: 0;
  min-height: 0;
  -webkit-flex-direction: column;
  -ms-flex-direction: column;
  flex-direction: column;
}

.c4 {
  display: -webkit-box;
  display: -webkit-flex;
  display: -ms-flexbox;
  display: flex;
  box-sizing: border-box;
  max-width: 100%;
  background-color: #E15151;
  color: #f8f8f8;
  min-width: 0;
  min-height: 0;
  -webkit-flex-direction: column;
  -ms-flex-direction: column;
  flex-direction: column;
  padding: 4px;
}

.c5 {
  display: -webkit-box;
  display: -webkit-flex;
  display: -ms-flexbox;
  display: flex;
  box-sizing: border-box;
  max-width: 100%;
  background-color: #38C18B;
  color: #444444;
  min-width: 0;
  min-height: 0;
  -webkit-flex-direction: column;
  -ms-flex-direction: column;
  flex-direction: column;
  padding: 4px;
}

.c1 {
  display: -webkit-box;
  display: -webkit-flex;
  display: -ms-flexbox;
  display: flex;
  -webkit-flex-direction: row;
  -ms-flex-direction: row;
  flex-direction: row;
  -webkit-align-items: center;
  -webkit-box-align: center;
  -ms-flex-align: center;
  align-items: center;
  -webkit-user-select: none;
  -moz-user-select: none;
  -ms-user-select: none;
  user-select: none;
  width: -webkit-fit-content;
  width: -moz-fit-content;
  width: fit-content;
  cursor: pointer;
}

.c1:hover input:not([disabled]) + div,
.c1:hover input:not([disabled]) + span {
  border-color: #000000;
}

.c3 {
  opacity: 0;
  -moz-appearance: none;
  width: 0;
  height: 0;
  margin: 0 !important;
  cursor: pointer;
}

@media only screen and (max-width:512px) {
  .c4 {
    padding: 4px;
  }
}

@media only screen and (max-width:512px) {
  .c5 {
    padding: 4px;
  }
}

<div
  className="c0"
>
  <label
    className="c1"
    onClick={[Function]}
    onMouseEnter={[Function]}
    onMouseLeave={[Function]}
  >
    <div
      className="c2 "
    >
      <input
        className="c3"
        name="test"
        type="radio"
        value="1"
      />
      <div
        className="c4"
      />
    </div>
  </label>
  <label
    className="c1"
    onClick={[Function]}
    onMouseEnter={[Function]}
    onMouseLeave={[Function]}
  >
    <div
      className="c2 "
    >
      <input
        checked={true}
        className="c3"
        name="test"
        type="radio"
        value="2"
      />
      <div
        className="c5"
      />
    </div>
  </label>
</div>
`;

exports[`RadioButton disabled 1`] = `
.c0 {
  font-size: 12px;
  line-height: 16px;
  box-sizing: border-box;
  -webkit-text-size-adjust: 100%;
  -ms-text-size-adjust: 100%;
  -moz-osx-font-smoothing: grayscale;
  -webkit-font-smoothing: antialiased;
}

.c2 {
  display: -webkit-box;
  display: -webkit-flex;
  display: -ms-flexbox;
  display: flex;
  box-sizing: border-box;
  max-width: 100%;
  min-width: 0;
  min-height: 0;
  -webkit-flex-direction: column;
  -ms-flex-direction: column;
  flex-direction: column;
}

.c4 {
  display: -webkit-box;
  display: -webkit-flex;
  display: -ms-flexbox;
  display: flex;
  box-sizing: border-box;
  max-width: 100%;
  -webkit-align-items: center;
  -webkit-box-align: center;
  -ms-flex-align: center;
  align-items: center;
  border: solid 2px rgba(0,0,0,0.15);
  min-width: 0;
  min-height: 0;
  -webkit-flex-direction: column;
  -ms-flex-direction: column;
  flex-direction: column;
  height: 16px;
  width: 16px;
  -webkit-box-pack: center;
  -webkit-justify-content: center;
  -ms-flex-pack: center;
  justify-content: center;
  border-radius: 100%;
}

.c5 {
  display: -webkit-box;
  display: -webkit-flex;
  display: -ms-flexbox;
  display: flex;
  box-sizing: border-box;
  max-width: 100%;
  -webkit-align-items: center;
  -webkit-box-align: center;
  -ms-flex-align: center;
  align-items: center;
  border: solid 2px #E15151;
  min-width: 0;
  min-height: 0;
  -webkit-flex-direction: column;
  -ms-flex-direction: column;
  flex-direction: column;
  height: 16px;
  width: 16px;
  -webkit-box-pack: center;
  -webkit-justify-content: center;
  -ms-flex-pack: center;
  justify-content: center;
  border-radius: 100%;
}

.c1 {
  display: -webkit-box;
  display: -webkit-flex;
  display: -ms-flexbox;
  display: flex;
  -webkit-flex-direction: row;
  -ms-flex-direction: row;
  flex-direction: row;
  -webkit-align-items: center;
  -webkit-box-align: center;
  -ms-flex-align: center;
  align-items: center;
  -webkit-user-select: none;
  -moz-user-select: none;
  -ms-user-select: none;
  user-select: none;
  width: -webkit-fit-content;
  width: -moz-fit-content;
  width: fit-content;
  opacity: 0.5;
  cursor: default;
}

.c1:hover input:not([disabled]) + div,
.c1:hover input:not([disabled]) + span {
  border-color: #000000;
}

.c3 {
  opacity: 0;
  -moz-appearance: none;
  width: 0;
  height: 0;
  margin: 0 !important;
}

.c6 {
  box-sizing: border-box;
  width: 16px;
  height: 16px;
  fill: #E15151;
}

@media only screen and (max-width:512px) {
  .c4 {
    border: solid 2px rgba(0,0,0,0.15);
  }
}

@media only screen and (max-width:512px) {
  .c5 {
    border: solid 2px #E15151;
  }
}

<div
  className="c0"
>
  <label
    className="c1"
    disabled={true}
    onClick={[Function]}
    onMouseEnter={[Function]}
    onMouseLeave={[Function]}
  >
    <div
      className="c2 "
    >
      <input
        className="c3"
        disabled={true}
        name="test"
        type="radio"
        value="1"
      />
      <div
        className="c4 "
      />
    </div>
  </label>
  <label
    className="c1"
    disabled={true}
    onClick={[Function]}
    onMouseEnter={[Function]}
    onMouseLeave={[Function]}
  >
    <div
      className="c2 "
    >
      <input
        checked={true}
        className="c3"
        disabled={true}
        name="test"
        type="radio"
        value="2"
      />
      <div
        className="c5 "
      >
        <svg
          className="c6"
          preserveAspectRatio="xMidYMid meet"
          viewBox="0 0 24 24"
        >
          <circle
            cx={12}
            cy={12}
            r={6}
          />
        </svg>
      </div>
    </div>
  </label>
</div>
`;

exports[`RadioButton label 1`] = `
.c0 {
  font-size: 12px;
  line-height: 16px;
  box-sizing: border-box;
  -webkit-text-size-adjust: 100%;
  -ms-text-size-adjust: 100%;
  -moz-osx-font-smoothing: grayscale;
  -webkit-font-smoothing: antialiased;
}

.c2 {
  display: -webkit-box;
  display: -webkit-flex;
  display: -ms-flexbox;
  display: flex;
  box-sizing: border-box;
  max-width: 100%;
  margin-right: 4px;
  min-width: 0;
  min-height: 0;
  -webkit-flex-direction: column;
  -ms-flex-direction: column;
  flex-direction: column;
}

.c4 {
  display: -webkit-box;
  display: -webkit-flex;
  display: -ms-flexbox;
  display: flex;
  box-sizing: border-box;
  max-width: 100%;
  -webkit-align-items: center;
  -webkit-box-align: center;
  -ms-flex-align: center;
  align-items: center;
  border: solid 2px rgba(0,0,0,0.15);
  min-width: 0;
  min-height: 0;
  -webkit-flex-direction: column;
  -ms-flex-direction: column;
  flex-direction: column;
  height: 16px;
  width: 16px;
  -webkit-box-pack: center;
  -webkit-justify-content: center;
  -ms-flex-pack: center;
  justify-content: center;
  border-radius: 100%;
}

.c1 {
  display: -webkit-box;
  display: -webkit-flex;
  display: -ms-flexbox;
  display: flex;
  -webkit-flex-direction: row;
  -ms-flex-direction: row;
  flex-direction: row;
  -webkit-align-items: center;
  -webkit-box-align: center;
  -ms-flex-align: center;
  align-items: center;
  -webkit-user-select: none;
  -moz-user-select: none;
  -ms-user-select: none;
  user-select: none;
  width: -webkit-fit-content;
  width: -moz-fit-content;
  width: fit-content;
  cursor: pointer;
}

.c1:hover input:not([disabled]) + div,
.c1:hover input:not([disabled]) + span {
  border-color: #000000;
}

.c3 {
  opacity: 0;
  -moz-appearance: none;
  width: 0;
  height: 0;
  margin: 0 !important;
  cursor: pointer;
}

@media only screen and (max-width:512px) {
  .c2 {
    margin-right: 4px;
  }
}

@media only screen and (max-width:512px) {
  .c4 {
    border: solid 2px rgba(0,0,0,0.15);
  }
}

<div
  className="c0"
>
  <label
    className="c1"
    onClick={[Function]}
    onMouseEnter={[Function]}
    onMouseLeave={[Function]}
  >
    <div
      className="c2 "
    >
      <input
        className="c3"
        name="test"
        type="radio"
        value="1"
      />
      <div
        className="c4 "
      />
    </div>
    <span>
      test label
    </span>
  </label>
  <label
    className="c1"
    onClick={[Function]}
    onMouseEnter={[Function]}
    onMouseLeave={[Function]}
  >
    <div
      className="c2 "
    >
      <input
        className="c3"
        name="test"
        type="radio"
        value="2"
      />
      <div
        className="c4 "
      />
    </div>
    <div>
      test label
    </div>
  </label>
</div>
`;
